../Core/Src/main.c:71:6:HAL_UART_RxCpltCallback	88	static
../Core/Src/main.c:92:6:UART_IR_sendByte	24	static
../Core/Src/main.c:134:6:HAL_TIM_PeriodElapsedCallback	16	static
../Core/Src/main.c:152:5:main	8	static
../Core/Src/main.c:204:6:SystemClock_Config	88	static
../Core/Src/main.c:251:13:MX_TIM2_Init	64	static
../Core/Src/main.c:310:13:MX_TIM10_Init	8	static
../Core/Src/main.c:341:13:MX_USART1_UART_Init	8	static
../Core/Src/main.c:374:13:MX_USART2_UART_Init	8	static
../Core/Src/main.c:407:13:MX_GPIO_Init	48	static
../Core/Src/main.c:447:6:Error_Handler	4	static,ignoring_inline_asm
