../Core/Src/main.c:99:6:HAL_SPI_TxCpltCallback	16	static
../Core/Src/main.c:105:6:HAL_TIM_PeriodElapsedCallback	16	static
../Core/Src/main.c:129:5:main	8	static
../Core/Src/main.c:180:6:SystemClock_Config	88	static
../Core/Src/main.c:227:13:MX_SPI1_Init	8	static
../Core/Src/main.c:265:13:MX_TIM2_Init	32	static
../Core/Src/main.c:310:13:MX_TIM3_Init	32	static
../Core/Src/main.c:355:13:MX_USART2_UART_Init	8	static
../Core/Src/main.c:386:13:MX_DMA_Init	16	static
../Core/Src/main.c:404:13:MX_GPIO_Init	48	static
../Core/Src/main.c:444:6:Error_Handler	4	static,ignoring_inline_asm
