../Core/Src/main.c:72:6:insertionSort	24	static
../Core/Src/main.c:85:5:isNegative	16	static
../Core/Src/main.c:89:6:HAL_TIM_PeriodElapsedCallback	112	static
../Core/Src/main.c:132:5:main	16	static
../Core/Src/main.c:181:6:SystemClock_Config	88	static
../Core/Src/main.c:228:13:MX_I2C1_Init	8	static
../Core/Src/main.c:262:13:MX_TIM2_Init	32	static
../Core/Src/main.c:307:13:MX_USART2_UART_Init	8	static
../Core/Src/main.c:338:13:MX_DMA_Init	16	static
../Core/Src/main.c:356:13:MX_GPIO_Init	48	static
../Core/Src/main.c:396:6:Error_Handler	4	static,ignoring_inline_asm
