../Core/Src/main.c:68:9:delta_counters	24	static
../Core/Src/main.c:86:6:HAL_TIM_PeriodElapsedCallback	48	static
../Core/Src/main.c:105:5:main	8	static
../Core/Src/main.c:154:6:SystemClock_Config	88	static
../Core/Src/main.c:201:13:MX_TIM2_Init	32	static
../Core/Src/main.c:246:13:MX_TIM3_Init	56	static
../Core/Src/main.c:295:13:MX_USART2_UART_Init	8	static
../Core/Src/main.c:326:13:MX_DMA_Init	16	static
../Core/Src/main.c:344:13:MX_GPIO_Init	48	static
../Core/Src/main.c:384:6:Error_Handler	4	static,ignoring_inline_asm
