../Core/Src/main.c:123:6:playNote	96	static
../Core/Src/main.c:183:6:startDuration	64	static
../Core/Src/main.c:235:6:HAL_TIM_PeriodElapsedCallback	16	static
../Core/Src/main.c:257:6:HAL_GPIO_EXTI_Callback	16	static
../Core/Src/main.c:277:5:main	8	static
../Core/Src/main.c:324:6:SystemClock_Config	88	static
../Core/Src/main.c:371:13:MX_TIM1_Init	96	static
../Core/Src/main.c:446:13:MX_TIM2_Init	64	static
../Core/Src/main.c:505:13:MX_USART2_UART_Init	8	static
../Core/Src/main.c:538:13:MX_GPIO_Init	48	static
../Core/Src/main.c:588:6:Error_Handler	4	static,ignoring_inline_asm
